22:00:12,988 |-INFO in ch.qos.logback.classic.LoggerContext[default] - This is logback-classic version 1.5.21
22:00:12,990 |-INFO in ch.qos.logback.classic.util.ContextInitializer@5db250b4 - No custom configurators were discovered as a service.
22:00:12,990 |-INFO in ch.qos.logback.classic.util.ContextInitializer@5db250b4 - Trying to configure with ch.qos.logback.classic.util.DefaultJoranConfigurator
22:00:12,991 |-INFO in ch.qos.logback.classic.util.ContextInitializer@5db250b4 - Constructed configurator of type class ch.qos.logback.classic.util.DefaultJoranConfigurator
22:00:12,998 |-INFO in ch.qos.logback.classic.LoggerContext[default] - Could NOT find resource [logback-test.xml]
22:00:13,005 |-INFO in ch.qos.logback.classic.LoggerContext[default] - Found resource [logback.xml] at [file:/home/scott/bin/lithos-upkeep/target/universal/stage/conf/logback.xml]
22:00:13,068 |-WARN in ch.qos.logback.core.joran.action.ConversionRuleAction - [converterClass] attribute is deprecated and replaced by [class]. See element [conversionRule] near line 4
22:00:13,116 |-INFO in ch.qos.logback.core.model.processor.ConversionRuleModelHandler - registering conversion word coloredLevel with class [play.api.libs.logback.ColoredLevel]
22:00:13,117 |-INFO in ch.qos.logback.classic.model.processor.ConfigurationModelHandlerFull - Main configuration file URL: file:/home/scott/bin/lithos-upkeep/target/universal/stage/conf/logback.xml
22:00:13,118 |-INFO in ch.qos.logback.classic.model.processor.ConfigurationModelHandlerFull - FileWatchList= {/home/scott/bin/lithos-upkeep/target/universal/stage/conf/logback.xml}
22:00:13,118 |-INFO in ch.qos.logback.classic.model.processor.ConfigurationModelHandlerFull - URLWatchList= {}
22:00:13,122 |-INFO in ch.qos.logback.core.model.processor.AppenderModelHandler - Processing appender named [FILE]
22:00:13,122 |-INFO in ch.qos.logback.core.model.processor.AppenderModelHandler - About to instantiate appender of type [ch.qos.logback.core.FileAppender]
22:00:13,130 |-INFO in ch.qos.logback.core.model.processor.ModelInterpretationContext@223f3642 - value "./logs/application.log" substituted for "${application.home:-.}/logs/application.log"
22:00:13,131 |-INFO in ch.qos.logback.core.model.processor.ImplicitModelHandler - Assuming default type [ch.qos.logback.classic.encoder.PatternLayoutEncoder] for [encoder] property
22:00:13,174 |-INFO in ch.qos.logback.core.FileAppender[FILE] - File property is set to [./logs/application.log]
22:00:13,175 |-INFO in ch.qos.logback.core.model.processor.AppenderModelHandler - Processing appender named [STDOUT]
22:00:13,175 |-INFO in ch.qos.logback.core.model.processor.AppenderModelHandler - About to instantiate appender of type [ch.qos.logback.core.ConsoleAppender]
22:00:13,177 |-INFO in ch.qos.logback.core.model.processor.ImplicitModelHandler - Assuming default type [ch.qos.logback.classic.encoder.PatternLayoutEncoder] for [encoder] property
22:00:13,177 |-INFO in ch.qos.logback.core.ConsoleAppender[STDOUT] - NOTE: Writing to the console can be slow. Try to avoid logging to the 
22:00:13,177 |-INFO in ch.qos.logback.core.ConsoleAppender[STDOUT] - console in production environments, especially in high volume systems.
22:00:13,177 |-INFO in ch.qos.logback.core.ConsoleAppender[STDOUT] - See also https://logback.qos.ch/codes.html#slowConsole
22:00:13,177 |-INFO in ch.qos.logback.core.model.processor.AppenderModelHandler - Processing appender named [ASYNCFILE]
22:00:13,177 |-INFO in ch.qos.logback.core.model.processor.AppenderModelHandler - About to instantiate appender of type [ch.qos.logback.classic.AsyncAppender]
22:00:13,179 |-INFO in ch.qos.logback.core.model.processor.AppenderRefModelHandler - Attaching appender named [FILE] to ch.qos.logback.classic.AsyncAppender[ASYNCFILE]
22:00:13,179 |-INFO in ch.qos.logback.classic.AsyncAppender[ASYNCFILE] - Attaching appender named [FILE] to AsyncAppender.
22:00:13,180 |-INFO in ch.qos.logback.classic.AsyncAppender[ASYNCFILE] - Setting discardingThreshold to 51
22:00:13,181 |-INFO in ch.qos.logback.core.model.processor.AppenderModelHandler - Processing appender named [ASYNCSTDOUT]
22:00:13,181 |-INFO in ch.qos.logback.core.model.processor.AppenderModelHandler - About to instantiate appender of type [ch.qos.logback.classic.AsyncAppender]
22:00:13,181 |-INFO in ch.qos.logback.core.model.processor.AppenderRefModelHandler - Attaching appender named [STDOUT] to ch.qos.logback.classic.AsyncAppender[ASYNCSTDOUT]
22:00:13,181 |-INFO in ch.qos.logback.classic.AsyncAppender[ASYNCSTDOUT] - Attaching appender named [STDOUT] to AsyncAppender.
22:00:13,181 |-INFO in ch.qos.logback.classic.AsyncAppender[ASYNCSTDOUT] - Setting discardingThreshold to 51
22:00:13,182 |-INFO in ch.qos.logback.classic.model.processor.LoggerModelHandler - Setting level of logger [play] to INFO
22:00:13,182 |-INFO in ch.qos.logback.classic.model.processor.RootLoggerModelHandler - Setting level of ROOT logger to INFO
22:00:13,182 |-INFO in ch.qos.logback.core.model.processor.AppenderRefModelHandler - Attaching appender named [ASYNCFILE] to Logger[ROOT]
22:00:13,182 |-INFO in ch.qos.logback.core.model.processor.AppenderRefModelHandler - Attaching appender named [ASYNCSTDOUT] to Logger[ROOT]
22:00:13,182 |-INFO in ch.qos.logback.core.model.processor.DefaultProcessor@38c5cc4c - End of configuration.
22:00:13,183 |-INFO in ch.qos.logback.classic.joran.JoranConfigurator@37918c79 - Registering current configuration as safe fallback point
22:00:13,186 |-INFO in ch.qos.logback.classic.util.ContextInitializer@5db250b4 - ch.qos.logback.classic.util.DefaultJoranConfigurator.configure() call lasted 192 milliseconds. ExecutionStatus=DO_NOT_INVOKE_NEXT_IF_ANY

2026-10-08 22:00:14 [INFO] [DeployProtocol] Node A 6.0.7 at height 112, deployer 3WxtnwJojAm4C9DJtgNHs5zawzD44yE6cKyGM7NeHf7Cw1yP7XBU 
  
2026-10-08 22:00:15 [INFO] [DeployProtocol] 1 spendable box(es), 300000000000 nanoERG 
  
2026-10-08 22:00:15 [INFO] [DeployProtocol] mint litId (Lithos devnet LIT, 1000000000000000000): sent 486989bd0e93dead6dc462a4e37875f820bb52799071fb0d72f9f5b1ced0db9a 
  
2026-10-08 22:00:25 [INFO] [DeployProtocol] mint litId (Lithos devnet LIT, 1000000000000000000): confirmed 486989bd0e93dead6dc462a4e37875f820bb52799071fb0d72f9f5b1ced0db9a 
  
2026-10-08 22:00:25 [INFO] [DeployProtocol] litId = ed43d94871605fab386670c4577d0f0b8c251640d0f3f2091ea2f5e8502e3844 
  
2026-10-08 22:00:25 [INFO] [DeployProtocol] mint emissionNft (Lithos devnet emission NFT, 1): sent 2cb412970218d69eadfa10d690cbca9563c3701199f2cafb69b1f81fcbbc0889 
  
2026-10-08 22:00:33 [INFO] [DeployProtocol] mint emissionNft (Lithos devnet emission NFT, 1): confirmed 2cb412970218d69eadfa10d690cbca9563c3701199f2cafb69b1f81fcbbc0889 
  
2026-10-08 22:00:33 [INFO] [DeployProtocol] emissionNft = d4884a258ff76b40664d6fdb24d5ca91d9c781bafa9af2216bc6dffdd20eaf27 
  
2026-10-08 22:00:33 [INFO] [DeployProtocol] mint emConfigNft (Lithos devnet emission config NFT, 1): sent d286649f9a93be61ea7cef1dacddcdbe37a0e732271fec09b4c0050c6e84b702 
  
2026-10-08 22:00:35 [INFO] [DeployProtocol] mint emConfigNft (Lithos devnet emission config NFT, 1): confirmed d286649f9a93be61ea7cef1dacddcdbe37a0e732271fec09b4c0050c6e84b702 
  
2026-10-08 22:00:35 [INFO] [DeployProtocol] emConfigNft = c907bd2154dfbb838a5e45a7bfc05cdef9bdb94f256a1fb97c7827dbeafcade4 
  
2026-10-08 22:00:35 [INFO] [DeployProtocol] mint queueToken (Lithos devnet queue token, 9223372036854775807): sent c0e2e968c1e555644a66f42b53488e53ab71e97d733cafa12d5932180e1e275b 
  
2026-10-08 22:00:42 [INFO] [DeployProtocol] mint queueToken (Lithos devnet queue token, 9223372036854775807): confirmed c0e2e968c1e555644a66f42b53488e53ab71e97d733cafa12d5932180e1e275b 
  
2026-10-08 22:00:42 [INFO] [DeployProtocol] queueToken = 2e1e4bc4bb4910a477e12f6042ba5f850214973849e4a4a6cdf177c11de35641 
  
2026-10-08 22:00:42 [INFO] [DeployProtocol] mint collatToken (Lithos devnet collateral token, 9223372036854775807): sent ea000ef45c93d869de9757fa24122fae81e91712643c3c320bdaf956bc9c45e0 
  
2026-10-08 22:00:52 [INFO] [DeployProtocol] mint collatToken (Lithos devnet collateral token, 9223372036854775807): confirmed ea000ef45c93d869de9757fa24122fae81e91712643c3c320bdaf956bc9c45e0 
  
2026-10-08 22:00:52 [INFO] [DeployProtocol] collatToken = 8c8dab80d0e00e22c2e4c6e2ce38bc94ac4a56e0db1e56141eb1df1a6476adb2 
  
2026-10-08 22:00:52 [INFO] [DeployProtocol] mint fpToken (Lithos devnet FP control NFT, 1): sent df7cc0c1f849c71db49bb97400571a9aae4f6792c147058559e9881951ab5182 
  
2026-10-08 22:00:58 [INFO] [DeployProtocol] mint fpToken (Lithos devnet FP control NFT, 1): confirmed df7cc0c1f849c71db49bb97400571a9aae4f6792c147058559e9881951ab5182 
  
2026-10-08 22:00:58 [INFO] [DeployProtocol] fpToken = c3db5978b5d55a838ecad1ccc1ebcfaa62685eb710bb08f4a7096631187ed8a1 
  
2026-10-08 22:00:58 [INFO] [DeployProtocol] mint mdToken (Lithos devnet miner dictionary NFT, 1): sent b8ca40449416c1576987f12ef86361d713155f0b75cb11a9bc0a2b4f2c4e65fc 
  
2026-10-08 22:01:04 [INFO] [DeployProtocol] mint mdToken (Lithos devnet miner dictionary NFT, 1): confirmed b8ca40449416c1576987f12ef86361d713155f0b75cb11a9bc0a2b4f2c4e65fc 
  
2026-10-08 22:01:04 [INFO] [DeployProtocol] mdToken = 699193bac07500c41b758ab064a50b337ceaf0602a04b72063e9a4ac444e89c7 
  
2026-10-08 22:01:04 [INFO] [DeployProtocol] mint voteToken (Lithos devnet vote token, 5): sent fcf7fc5067ca5d2770f784c3388f8ab73ffc21624de15016cdba2e2eab4ea049 
  
2026-10-08 22:01:10 [INFO] [DeployProtocol] mint voteToken (Lithos devnet vote token, 5): confirmed fcf7fc5067ca5d2770f784c3388f8ab73ffc21624de15016cdba2e2eab4ea049 
  
2026-10-08 22:01:10 [INFO] [DeployProtocol] voteToken = 7ae9de63f9e8a1f889a015be339fd5ba9e3d1ea561512eb1d205f769fb018e74 
  
2026-10-08 22:01:13 [INFO] [DeployProtocol] Compiled against the minted ids; emission guard 1bb6010604000e20... 
  
2026-10-08 22:01:13 [INFO] [DeployProtocol] protocol boxes: sent fd8676c3c757d20e31e8b9aa2f4f7a73dcd92b76990f4609e2f9d01e6bfa01cf 
  
2026-10-08 22:01:17 [INFO] [DeployProtocol] protocol boxes: confirmed fd8676c3c757d20e31e8b9aa2f4f7a73dcd92b76990f4609e2f9d01e6bfa01cf 
  
2026-10-08 22:01:17 [INFO] [DeployProtocol] emission box 6eca8ea13c6bf9efbfd8574f00f23d64a89c5baffb8ce5e6eb5e07b0df7a3d21, config box 105eedabb30193904934006d303bc6585e6183a8914e96eb20ec942ec62608bd, FP control box 5bfbcb44817e1c617838890df0ff889d2530458046634afd4b367befd9e49fbd, dictionary genesis cb880dbdb01228ea6f9a35526506cb6f597a6e349327ac538d957ee1e9e32971 
  
2026-10-08 22:01:17 [INFO] [DeployProtocol] Wrote /home/scott/bin/skunkyard/skunks/upkeep/devnet/deployment.json 
  
2026-10-08 22:01:18 [INFO] [DeployProtocol] fund 3WxtnwJojAm4C9DJtgNHs5zawzD44yE6cKyGM7NeHf7Cw1yP7XBU: sent 45a99c9b8624e66964467dccf23494d6756270cb5328a11dcdf59c0075f46719 
  
2026-10-08 22:01:28 [INFO] [DeployProtocol] fund 3WxtnwJojAm4C9DJtgNHs5zawzD44yE6cKyGM7NeHf7Cw1yP7XBU: confirmed 45a99c9b8624e66964467dccf23494d6756270cb5328a11dcdf59c0075f46719 
  
2026-10-08 22:01:28 [INFO] [DeployProtocol] Funded 3WxtnwJojAm4C9DJtgNHs5zawzD44yE6cKyGM7NeHf7Cw1yP7XBU with 20000000000 nanoERG and 20000000000000 LIT 
  
2026-10-08 22:01:28 [INFO] [DeployProtocol] Deployment complete: /home/scott/bin/skunkyard/skunks/upkeep/devnet/deployment.json (emission box 6eca8ea13c6bf9efbfd8574f00f23d64a89c5baffb8ce5e6eb5e07b0df7a3d21) 
  
