[rig] scratch: /home/scott/bin/skunkyard/skunks/keepalive/rig-run1
[rig] chain preset current: blockInterval=20s minerRewardDelay=10 v4=early (soft-fork voting 4/1/1)
[rig] genesis state digest for minerRewardDelay=10 derived from a probe start: c01a142d004a917b…
[rig] java: openjdk version "21.0.12.1" 2026-08-18 (java, opts: -Xmx512m)
[rig] effective configuration: /home/scott/bin/skunkyard/skunks/keepalive/rig-run1/out/effective.json ({"chain":"current","nodes":["A:ergo-6.0.7.jar"],"links":0})
[rig] launched A (ns=ns_A ip=100.64.0.1 p2p=9021 rest=9052 kind=jvm jar=ergo-6.0.7.jar pid=1353168)
[rig] A pid=1353168 cpus_applied=0-11 gc=G1GC
[rig] A REST up
[rig] bring-up: every link connected
[rig] === handing off to hook: /home/scott/bin/peeryard-lithos/rig/examples/lithos-keepalive.sh ===
[lk] KeepAlive address for A's key 038b0f29a60fa8d7e1aeafbe512288a6c6bc696547bbf8247db23c95e83014513c: 2RUj3y95rmz5F1FScM3rEn1g… (399 bytes)
[lk] token 1c41655be23d3d1c5271d0b25ff0ce11ddf7c8738a3b647ee31577c1bade8dd4; three payments at the address (tx a008bf3c053389486847e06fcff7b55b919f0073c7126f8f3041b587d2222e94), height 19
[rig] companion proxy started (pid 1355917, in A, log /home/scott/bin/skunkyard/skunks/keepalive/rig-run1/out/companion_proxy.log)
[rig] companion client started (pid 1355971, in A, log /home/scott/bin/skunkyard/skunks/keepalive/rig-run1/out/companion_client.log)
2026-10-09 20:18:59 [INFO] [UpkeepSource] UpkeepSource started: mode=candidate, verifyWithNode=true, jobs=keepalive, scanIntervalMs=10000, maxBoxesPerJob=256, retryAfterScans=10, share: txs=5, bytes=2
2026-10-09 20:19:02 [INFO] [UpkeepSource] Upkeep scan holds 3 boxes: keepalive=3; 0 refused, 0 cannot pay 
2026-10-09 20:19:05 [INFO] [UpkeepSource] Upkeep admits 1 of 1 due successors at 27: keepalive:e1e6a4c3; share used txs=1/5, bytes=597/262144, cost=18423/1000000 
2026-10-09 20:19:05 [INFO] [UpkeepSource] Upkeep offers 1 of 1 successors at 27 after the node's check: keepalive:e1e6a4c3 
2026-10-09 20:19:12 [INFO] [UpkeepSource] Upkeep scan holds 1 boxes: keepalive=1; 0 refused, 0 cannot pay 
[lk] at the address now: {"boxId":"614c36824a0a40572c6108a544b7df1ec6e353ab82f017c7ba171aa9e7909e11","value":50500000,"creationHeight":27,"units":6}
[lk] checks recorded: 1; mirrored: 1
[lk] PASS: the client merged the three payments into one box, every unit kept, the bounty paid
[rig] companion client stopped
[rig] companion proxy stopped
[rig] COSTS no recovery events
[rig] === hook done (verdict: PASS) ===
[rig] all nodes stopped
exit 0
