[rig] scratch: /tmp/peeryard-rig.LMW6ib
[rig] chain preset current: blockInterval=2s minerRewardDelay=10 v4=early (soft-fork voting 4/1/1)
rig/rig.sh: line 186: 602181 Killed                  ip netns exec "${NS[$n]}" bash -c "cd '${RT_CWD[$n]}' && exec '$JAVA_BIN' $JAVA_OPTS -Djava.io.tmpdir='$pdir/tmp' -jar '${NODE_JAR[$n]}' $NET_ARGS -c '$conf'" > "$plog" 2>&1
[rig] genesis state digest for minerRewardDelay=10 derived from a probe start: c01a142d004a917b…
[rig] java: openjdk version "21.0.12.1" 2026-08-18 (java, opts: -Xmx512m)
[rig] effective configuration: /tmp/peeryard-rig.LMW6ib/out/effective.json ({"chain":"current","nodes":["A:ergo-6.0.6.jar"],"links":0})
[rig] launched A (ns=ns_A ip=100.64.0.1 p2p=9021 rest=9052 kind=jvm jar=ergo-6.0.6.jar pid=602864)
[rig] A pid=602864 cpus_applied=0-11 gc=G1GC
[rig] A REST up
[rig] bring-up: every link connected
[rig] === handing off to hook: /home/scott/bin/skunkyard/skunks/manytime/manytime.sh ===
[mt] blockVersion=4 at height 17; repo /home/scott/bin/skunkyard (94044c4); n=32 w=16 h=4
[mt] A balance 540000000000 nanoERG at height 18
[mt] keygen n=32 w=16 h=4 leaves=16 chains=67 tree_bytes=908 digest=ecb59bd2c31176f03840ab29ace4285062fd01ecaa6b3fd4c664fc676df97e6405 address_chars=1247
[mt] funding with R4=0400: b2c635a679e1c7a353ed1ed70c4c0b583a8892f5e77c909e336c5b3bdf89d53a
[mt] funded at height 30; box0 47596c0b166153be40a529c3c641a69d62cf797a2258c30b2fdc148b7ec6a240 R4=0400
[mt:forged] LOCAL-EVAL how=forged leaf=0 next=1 leaves=16 result=Success(false) cost=Success(37777) tx_id=98eb73c008a4c1353c24cb69b1d23a9c9d4ed0a57eb4bb1e829bd9a910c7deba tx_bytes=3448 sig_bytes=2144 proof_bytes=187 box_bytes=951 tree_bytes=908
[mt:forged] POST -> HTTP 400: {  "error" : 400,  "reason" : "bad.request",  "detail" : "Malformed transaction: Scripts of all transaction inputs should pass verification. 98eb73c008a4c1353c24cb69b1d23a9c9d4ed0a57eb4bb1e829bd9a910c7deba: #0 => Success((false,37777))"}
[mt:wrongindex] LOCAL-EVAL how=wrongindex leaf=0 next=0 leaves=16 result=Success(false) cost=Success(37736) tx_id=8b75f7562910189bfc03f3c17c92a77b17fda74a5ec6d5296c993a41e919b4ae tx_bytes=3448 sig_bytes=2144 proof_bytes=187 box_bytes=951 tree_bytes=908
[mt:wrongindex] POST -> HTTP 400: {  "error" : 400,  "reason" : "bad.request",  "detail" : "Malformed transaction: Scripts of all transaction inputs should pass verification. 8b75f7562910189bfc03f3c17c92a77b17fda74a5ec6d5296c993a41e919b4ae: #0 => Success((false,37736))"}
[mt:valid0] LOCAL-EVAL how=valid leaf=0 next=1 leaves=16 result=Success(true) cost=Success(37797) tx_id=e521c24f945250217d4c13593e5bd1f42e976379ce82a3ad876d0dda5479c267 tx_bytes=3448 sig_bytes=2144 proof_bytes=187 box_bytes=951 tree_bytes=908
[mt:valid0] POST -> HTTP 200, tx e521c24f945250217d4c13593e5bd1f42e976379ce82a3ad876d0dda5479c267; mempool size=3448 cost=50097
[mt:valid0] confirmed at height 40; block tx size 3448; recreated box R4=0402
[mt:valid0] RESULT leaf=0 next=1 cost=Success(37797) tx_bytes=3448 sig_bytes=2144 proof_bytes=187 box_bytes=951 tree_bytes=908 mempool_cost=50097 block_tx_bytes=3448
[mt] box1 77b7361c25caa5dbe1c3ff4454dea9254ddb84f79e5215f2a35c1e2f449539de R4=0402
[mt:valid1] LOCAL-EVAL how=valid leaf=1 next=2 leaves=16 result=Success(true) cost=Success(37762) tx_id=57a8e67058b760345dc76299d769c5aa9c209a24dbe5d0a1cda21a3138d2fe6c tx_bytes=3448 sig_bytes=2144 proof_bytes=187 box_bytes=951 tree_bytes=908
[mt:valid1] POST -> HTTP 200, tx 57a8e67058b760345dc76299d769c5aa9c209a24dbe5d0a1cda21a3138d2fe6c; mempool size=3448 cost=50062
[mt:valid1] confirmed at height 43; block tx size 3448; recreated box R4=0404
[mt:valid1] RESULT leaf=1 next=2 cost=Success(37762) tx_bytes=3448 sig_bytes=2144 proof_bytes=187 box_bytes=951 tree_bytes=908 mempool_cost=50062 block_tx_bytes=3448
[mt] /info parameters: {"outputCost":100,"tokenAccessCost":100,"maxBlockCost":1000000,"height":40,"maxBlockSize":524288,"dataInputCost":100,"blockVersion":4,"inputCost":2000,"storageFeeFactor":1250000,"subblocksPerBlock":30,"minValuePerByte":360}
MANYTIME: PASS (forged_rejected=yes wrongindex_rejected=yes spend0_confirmed=yes spend1_confirmed=yes)
[rig] COSTS no recovery events
[rig] === hook done (verdict: PASS) ===
[rig] all nodes stopped
rig exit 0
